// Jest Snapshot v1, https://goo.gl/fbAQLP

exports[`test-zip-shp should find a shapefile within the zip file 1`] = `
Array [
  Object {
    "archive": true,
    "files": Array [
      "data.shp",
      "data.cpg",
      "data.dbf",
      "data.prj",
      "data.shx",
    ],
    "type": "shp",
  },
]
`;
